// Jest Snapshot v1, https://goo.gl/fbAQLP

exports[`Home Renders home 1`] = `
.emotion-1 {
  position: relative;
  display: -webkit-box;
  display: -webkit-flex;
  display: -ms-flexbox;
  display: flex;
  -webkit-align-items: center;
  -webkit-box-align: center;
  -ms-flex-align: center;
  align-items: center;
  -webkit-box-pack: center;
  -webkit-justify-content: center;
  -ms-flex-pack: center;
  justify-content: center;
  background-color: rgb(192,215,229,0.35);
  min-height: 5rem;
  max-width: 100vw;
  width: 100%;
  height: calc(100vh - (2 * var(--space-large) + var(--space-x-large)));
}

.emotion-0 {
  position: absolute;
  top: 50%;
  left: 50%;
  display: -webkit-box;
  display: -webkit-flex;
  display: -ms-flexbox;
  display: flex;
  -webkit-align-items: center;
  -webkit-box-align: center;
  -ms-flex-align: center;
  align-items: center;
  -webkit-box-pack: center;
  -webkit-justify-content: center;
  -ms-flex-pack: center;
  justify-content: center;
  width: 9rem;
  height: 9rem;
}

<main
  className="has-padding-top section view"
  id="main"
>
  <div
    className="react-reveal"
    style={
      Object {
        "opacity": undefined,
      }
    }
  >
    <div
      className="emotion-1"
      id="splash"
    >
      <figure
        className="level-item image emotion-0"
      >
        <img
          alt="logo-splash"
          src="/logo.png"
        />
      </figure>
    </div>
  </div>
</main>
`;
